// Jest Snapshot v1, https://goo.gl/fbAQLP

exports[`Header component renders without crashing 1`] = `
<header
  className="MuiPaper-root MuiPaper-elevation MuiPaper-elevation4 MuiAppBar-root MuiAppBar-colorPrimary MuiAppBar-positionFixed mui-fixed css-1sf53z6-MuiPaper-root-MuiAppBar-root"
>
  <div
    className="MuiContainer-root MuiContainer-maxWidthLg css-1rcwb2f-MuiContainer-root"
  >
    <label
      className="MuiFormControlLabel-root MuiFormControlLabel-labelPlacementEnd css-u81gj2-MuiFormControlLabel-root"
      data-testid="button"
    >
      <span
        className="MuiSwitch-root MuiSwitch-sizeMedium css-yhmnjz-MuiSwitch-root"
      >
        <span
          className="MuiButtonBase-root MuiSwitch-switchBase MuiSwitch-colorPrimary PrivateSwitchBase-root MuiSwitch-switchBase MuiSwitch-colorPrimary Mui-checked css-5ryogn-MuiButtonBase-root-MuiSwitch-switchBase"
          onBlur={[Function]}
          onContextMenu={[Function]}
          onDragLeave={[Function]}
          onFocus={[Function]}
          onKeyDown={[Function]}
          onKeyUp={[Function]}
          onMouseDown={[Function]}
          onMouseLeave={[Function]}
          onMouseUp={[Function]}
          onTouchEnd={[Function]}
          onTouchMove={[Function]}
          onTouchStart={[Function]}
          tabIndex={null}
        >
          <input
            className="PrivateSwitchBase-input MuiSwitch-input css-1m9pwf3"
            defaultChecked={true}
            onChange={[Function]}
            type="checkbox"
          />
          <span
            className="MuiSwitch-thumb css-jsexje-MuiSwitch-thumb"
          />
        </span>
        <span
          className="MuiSwitch-track css-1yjjitx-MuiSwitch-track"
        />
      </span>
      <span
        className="MuiTypography-root MuiTypography-body1 MuiFormControlLabel-label css-ahj2mt-MuiTypography-root"
      />
    </label>
  </div>
</header>
`;
